// Jest Snapshot v1, https://goo.gl/fbAQLP

exports[`MovieCardList should be render 1`] = `
<div
  className="MuiGrid-root MuiGrid-container MuiGrid-spacing-xs-1 css-exfl4s-MuiGrid-root"
>
  <div
    className="MuiGrid-root MuiGrid-item css-13i4rnv-MuiGrid-root"
  >
    <MovieCard
      id={1}
      original_title="Brat 1"
    />
  </div>
  <div
    className="MuiGrid-root MuiGrid-item css-13i4rnv-MuiGrid-root"
  >
    <MovieCard
      id={2}
      original_title="Brat 2"
    />
  </div>
  <div
    className="MuiGrid-root MuiGrid-item css-13i4rnv-MuiGrid-root"
  >
    <MovieCard
      id={3}
      original_title="Brat 3"
    />
  </div>
</div>
`;
