// Jest Snapshot v1, https://goo.gl/fbAQLP

exports[`MoviePageMovieCardList should be rendered 1`] = `
<div>
  <div
    class="MuiGrid-root MuiGrid-container MuiGrid-spacing-xs-1 css-exfl4s-MuiGrid-root"
  />
</div>
`;
