// Jest Snapshot v1, https://goo.gl/fbAQLP

exports[`MoviesRecommendations should be rendered 1`] = `
<div>
  MovieCardList
</div>
`;
