// Jest Snapshot v1, https://goo.gl/fbAQLP

exports[`MainPageContainer should be render 1`] = `
<MovieCardList
  films="Titanic,Batman,Brat 2"
/>
`;
