// Jest Snapshot v1, https://goo.gl/fbAQLP

exports[`ActorPageMovieCardList should be rendered 1`] = `
<div>
  <div
    class="MuiGrid-root MuiGrid-container MuiGrid-spacing-xs-1 css-exfl4s-MuiGrid-root"
  >
    <div
      class="MuiGrid-root MuiGrid-item css-13i4rnv-MuiGrid-root"
    >
      MovieCard
    </div>
    <div
      class="MuiGrid-root MuiGrid-item css-13i4rnv-MuiGrid-root"
    >
      MovieCard
    </div>
    <div
      class="MuiGrid-root MuiGrid-item css-13i4rnv-MuiGrid-root"
    >
      MovieCard
    </div>
    <div
      class="MuiGrid-root MuiGrid-item css-13i4rnv-MuiGrid-root"
    >
      MovieCard
    </div>
  </div>
</div>
`;
