// Jest Snapshot v1, https://goo.gl/fbAQLP

exports[`PlayInMovies should be render 1`] = `
<MovieCardList
  results={
    Object {
      "cast": Array [
        1,
        2,
        3,
        4,
        5,
        6,
        7,
        8,
        9,
        10,
      ],
    }
  }
/>
`;
